// Jest Snapshot v1, https://goo.gl/fbAQLP

exports[`Container component renders correctly 1`] = `
<div
  className="sc-bdVaJa GvrJR"
>
  <p>
    Lorem ipsum
  </p>
</div>
`;
