// Jest Snapshot v1, https://goo.gl/fbAQLP

exports[`Button component renders correctly 1`] = `
<button
  className="sc-bdVaJa fsBEfH"
>
  Click me!
</button>
`;
