// Jest Snapshot v1, https://goo.gl/fbAQLP

exports[`Flex component renders correctly 1`] = `
<div
  className="sc-bdVaJa UTvpt"
>
  <div>
    1
  </div>
  <div>
    2
  </div>
</div>
`;
